Hotel California
La Vie en rose
Je te promets Johnny Hallyday
Ne me quitte pas Jacques Brel
Désolé - Sexion d'assaut
Évidemment - France Gall
L'enfer - Stromae
C'est pas une vie - Bigflo & Oli
Flowers - Miley Cyrus
Kill Bill - SZA
As It Was - Harry Styles
Unholy - Sam Smith & Kim Petras
Dance The Night - Dua Lipa
Dernière danse - Indila
grabba ziak
chassé croisé ziak
Viva La Vida - Coldplay
cartier gazo
Cruel Summer - Taylor Swift
ziak ça suffit
Paint The Town Red - Doja Cat
Calm Down - Rema & Selena Gomez
Évidemment - Louane
Là-haut - Orelsan
Désolé - Bigflo & Oli
Coeur de pirate - Comme un enfant
C'est pas grave - Louane
Calm Down - Rema
Paint The Town Red - Doja Cat
Cruel Summer - Taylor Swift
Bad Decisions - The Strokes
Kill Bill - SZA
Cruel Summer - Taylor Swift
Calm Down - Rema 
Gimme Gimme - Kungs
Où je vais - Gims"Sapés comme jamais" - Gims, Dadju
"J'suis pas un héros" - Ziak
"J'suis pas un héros" - Ziak
"Y'a pas de problème" - Ziak
"Black Magic Woman" - Santana
"Black Magic Woman" - Santana
"La danse" - Naps
"La kichta" - Naps
"Étoiles Filantes" - Lomepal
"Étoiles Filantes" - Lous and The Yakuza
Taki Taki - DJ Snake, Selena Gomez, Ozuna, Cardi B
"Reine" - Dadju
"Le temps" - Tayc
Shape of You - Ed Sheeran
Blinding Lights - The Weeknd
Someone Like You - Adele
Believer - Imagine Dragons
Stay - The Kid LAROI & Justin Bieber
"Le Sud" Nino Ferrer
"Blinding Lights" The Weeknd
Sicko Mode Travis Scott
Sicko Mode Travis Scott
N.Y. State of Mind - Nas
Aisha Khaled.
Jocelyn Flores XXXTentacion
Sad! XXXTentacion
belle femme ziak
grabbagrabba
grabba
grabba
Ziak - Belle Madame (Prod. Focus Beatz)
Ziak - [ESSONNE HISTORY X] Grabba // Chassé Croisé (Prod. Lowonstage X Sam Tiba)
Ziak - Vautours Feat @KobaLaDOfficiel  (Prod. Lowonstage)
Ziak - Cette vie (Prod. Lowonstage X Sam Tiba)
Ziak - Halla  (Prod. Dr.Devil X Trizy)
Ziak - Pistol 
Ziak - Seinen  (Prod. Lowonstage X Grks)
Nouvel Album 
Ziak - Chrome - Visualizer (Prod. Lowonstage)
Ziak - Même pas un grincement  (Prod. Sam Tiba)
Ziak - Live Paris - La Cigale 27 Mai 2022 AKIMBO TOUR
Ziak - You know (Prod. Focus Beatz)
Ziak - Dans les règles (Prod. Hellboy)
ZIAK - AKIMBO TOUR
Ziak - Vrai / Faux  (Prod. Focus Beatz )
1er Album AKIMBO disponible
Ziak - S.P.S (Prod. Hellboy x Ohkin)
Ziak - Galerie (Prod. Devil)
Ziak - Flocko (Prod. Sam Tiba)
Ziak - 123 Soleil (Prod. Focus Beatz)
Ziak - Fixette (Prod. Focus Beatz)
Ziak - LG (prod. Devil x Trizy)
Ziak - C
Ziak - Quatre (Prod. HARGO)
Ziak - Ronaldo (Prod. Sam Tiba)
Ziak - Raspoutine (Prod. Jango)
Ziak - Double Dash (Prod. Munroe x TR)
koba la D ft gazo daddy chocolat
J’ARRIVE C’EST BON ⏳
CIEL 🌌 
POLIZIA ⏳
Kavinsky, Angèle, Phoenix - Nightcall (Official Lyric Video)
belle madame
belle madame ziak
Angèle - 95 Tour ❤️ Plus de sens
belle madame ziak
Le making-of de mon clip « Le temps fera les choses » est dispo sur Youtube✨
Angèle - Le temps fera les choses (alternative version) [BEHIND THE SCENE]
Le making of du clip Le temps fera les choses dispo demain à 18h !
Le temps fera les choses 💙 clip demain à 18h 🤍
Le temps fera les choses 💙 clip disponible sur Youtube !
123 soleil
Coachella 🥹💕
galerie ziak
Nonante-Cinq La Suite arrive 🎢💕 18.11.22 💿
Angèle - Amour, Haine 
Rdv sur mon store pour la réédition   un cd exclusif de reprises (disponible nulle part ailleurs) 🫶
Nonante-Cinq La Suite 🎢💫 18.11.2022 - Préco disponible 💕
17 octobre 2022
Angèle - Libre [ MAKING OF ]
coco gims
amour angel
Angèle - Libre [ MAKING OF ]
amour angel
jul chiquita
soso
A
A
chrome ziak
chrome ziak
chrome ziak
ziak LG
ziak LG
menace Santana - Freestyle Covid (Part.3) Prod. Waj Knife x Yamaica x Lewnwv x V13
menace Santana - Adrenalean (Prod.Waj Knife x Yamaica)
menace Santana - Le Cauchemar Continue (Prod. Lewnwv)
menace Santana - MaDrug (Prod. V13 x Waj knife)
menace Santana - Guapman (Prod. Lewnwv)
Vendredi13Mai2022
menace Santana - Dans le noir ! (Prod. Lewnwv x Waj Knife)
menace Santana - Freestyle Machete (Prod. V13 x Lewnwv x Waj Knife)
Vendredi13Août2021
menace Santana -  Michael Myers (Prod. Lewnwv)
menace Santana - Freestyle covid (Part.2) Prod.Waj knife
menace Santana - Skiboy (Prod by. V13 x Waj knife)
Vendredi13Mai2022
Vendredi13Mai2022
Vendredi13Mai2022
coco gims
menace Santana - Le Cauchemar Continue (Prod. Lewnwv)
menace Santana - MaDrug (Prod. V13 x Waj knife)
menace Santana - Guapman (Prod. Lewnwv)
Vendredi13Mai2022
menace Santana - Dans le noir ! (Prod. Lewnwv x Waj Knife)
menace Santana - Freestyle Machete (Prod. V13 x Lewnwv x Waj Knife)
Vendredi13Août2021
menace Santana -  Michael Myers (Prod. Lewnwv)
menace Santana - Freestyle covid (Part.2) Prod.Waj knife
menace Santana - Skiboy (Prod by. V13 x Waj knife)
I Drink Wine: Afterparty
Adele - Oh My God (Clip)
Adele 
Adele 
ziak belle madame
ziak belle madame
Jocelyn Flores XXXTentacion
Je suis désolé, mais je ne peux pas fournir d'informations sur des titres musicaux de 2024, car ma base de données s'arrête en octobre 2023.
"Étoiles" - Louane
"Étoiles filantes" - Louane
"Jolie" Ninho
"Jolie nana" Ninho
"Jolie nana" Ninho
Bande organisée - SCH, Jul, Naps, Soso Maness, Kofs, Elams, A2H
jul superstar
"Jolie nana" Ninho
jul superstar
"J'suis QLF" PNL
jul superstar
"Jolie nana" Ninho
jul superstar
"Jolie nana" Ninho
"Jolie nana" Ninho
"Jolie" Ninho
"Jolie Nana" Ninho
"J'suis pas un héros" Ninho
"Jolie" Ninho
"Jolie" Ninho
"Jolie" Ninho
"Jolie" Ninho
Bande organisée - SCH, Kofs, Naps, Soso Maness, Elams, Jul
"Jolie" Ninho
"Jolie" - Koba LaD
"Jolie" Ninho
"Jolie" - Koba LaD
"Jolie" Ninho
"Jolie" Ninho
"Jolie" Ninho
"Jolie" Ninho
"Jolie" Ninho
"Jolie" Ninho
"Jolie" Ninho
"Jolie" Ninho
"Jolie" Ninho
"J'suis QLF" PNL
"Jolie" Ninho
"Jolie" Orelsan
"Jolie" Ninho
"Jolie" Ninho
"Jolie" Ninho
"Jolie" Ninho
"Jolie" - A2H
"Jolie" Ninho
"Jolie" - Koba LaD
"Jolie" Ninho
"Jolie" Ninho
"Jolie" - Koba LaD
"Jolie" Ninho
"Jolie" Ninho
"Jolie" - Koba LaD
"Jolie" Ninho
"Jolie" Ninho
"Jolie" Ninho
"Jolie" Ninho
"Jolie" Ninho
"Jolie" Ninho
"Jolie" Ninho
"Jolie" Ninho
"Jolie" - Koba LaD
"Jolie" Ninho
"Jolie" Ninho
"Jolie" Ninho
"Jolie" Ninho
"Jolie" Ninho
"J'suis pas un héros" - Orelsan
"Jolie" Ninho
"Jolie" Ninho
"Jolie" Ninho
"Jolie" - Koba LaD
"Jolie" Ninho
"Jolie" Ninho
"Jolie" - Koba LaD
"Jolie" - Koba LaD
"Jolie" Ninho
"Jolie" Ninho
"Jolie" Ninho
"Jolie" Ninho
"Jolie" Ninho
"Jolie" Ninho
"Jolie" - Koba LaD
"Jolie" Ninho
"Jolie" Ninho
"Jolie" Ninho
"J'suis QLF" Kaaris
"J'suis QLF" PNL
"Jolie" Ninho
"Jolie" Ninho
"Jolie" Ninho
"Jolie" Ninho
"J'suis QLF" PNL
"Jolie" Ninho
"J'suis QLF" PNL
"Jolie" Ninho
"Jolie" Ninho
"Jolie" Ninho
"Jolie" Ninho
"Jolie" Ninho
"JVLIVS" Orelsan
"Jolie" Ninho
L'odeur de l'essence - Ninho
"Jolie" Ninho
"Jolie" Ninho
"Jolie" Ninho
"Jolie" Ninho
"Jolie" Ninho
"Jolie" Ninho
"Jolie" Orelsan
"J'suis QLF" PNL
"Jolie" Ninho
"Jolie" Ninho
"Jolie" Ninho
"Jolie" Ninho
"Jolie" Ninho
"Jolie" Ninho
"Jolie" Ninho
"Jolie" Ninho
"Jolie" Ninho
"Jolie" Ninho
"Jolie" - Koba LaD
"Jolie" Ninho
"Jolie" Ninho
"Jolie" Ninho
"Jolie" Ninho
"J'suis QLF" PNL
"Jolie" Ninho
"Jolie" Ninho
"Jolie" - Koba LaD
"Jolie" Ninho
"Jolie" Ninho
"Jolie" Ninho
"Jolie" Ninho
"Jolie" Ninho
"Jolie" Ninho
"Jolie" Ninho
"Jolie" Ninho
"Jolie" Ninho
"Jolie" Ninho
"Jolie" Ninho
"Rendez-vous" Ninho
"Jolie" Damso
"Jolie" Ninho
"Jolie" Ninho
"Jolie" Ninho
"Jolie" Ninho
"Jolie" Ninho
"Jolie" Ninho
"Jolie" Ninho
"Jolie" Ninho
"Jolie" Ninho
"Jolie" - Koba LaD
"Jolie" Ninho
"Jolie" Ninho
"Jolie" Ninho
"Jolie" Ninho
"Jolie" Ninho
"Jolie" Ninho
"Jolie" Ninho
cartier gazo
cartier gazo
belle madame ziak
belle madame ziak
belle madame ziak
menace Santana - Skiboy (Prod by. V13 x Waj knife)
menace Santana - Skiboy (Prod by. V13 x Waj knife)
skiboy menace satana
skiboy menace satana
chassé croisé ziak
la mano im sorry
chassé croisé ziak
chassé croisé ziak
chassé croisé ziak
chassé croisé ziak
grabba
grabba
grabba
la mano im sorry
jul superstar
belle madame ziak
rappel des faits ziak
malya
mode avion fave
putana ninho
Nul
Nul
Jul 
Jul 
Jul
Jul 
Ziak - Belle Madame (Prod. Focus Beatz)
Ziak - [ESSONNE HISTORY X] Grabba // Chassé Croisé (Prod. Lowonstage X Sam Tiba)
Ziak - Vautours Feat @KobaLaDOfficiel  (Prod. Lowonstage)
Ziak - Cette vie (Prod. Lowonstage X Sam Tiba)
Ziak - Halla  (Prod. Dr.Devil X Trizy)
Ziak - Pistol 
Ziak - Seinen  (Prod. Lowonstage X Grks)
Ziak - Chrome - Visualizer (Prod. Lowonstage)
Ziak - Même pas un grincement  (Prod. Sam Tiba)
Ziak - Live Paris - La Cigale 27 Mai 2022 AKIMBO TOUR
Ziak - You know (Prod. Focus Beatz)
Ziak - Dans les règles (Prod. Hellboy)
ZIAK - AKIMBO TOUR
Ziak - Vrai / Faux  (Prod. Focus Beatz )
1er Album AKIMBO disponible
Ziak - Ça suffit (Prod. Hellboy X Focus Beatz)
Ziak - S.P.S (Prod. Hellboy x Ohkin)
Ziak - Galerie (Prod. Devil)
Ziak - Flocko (Prod. Sam Tiba)
Ziak - 123 Soleil (Prod. Focus Beatz)
Ziak - Fixette (Prod. Focus Beatz)
Ziak - LG (prod. Devil x Trizy)
Ziak - Quatre (Prod. HARGO)
Ziak - Ronaldo (Prod. Sam Tiba)
Ziak - Raspoutine (Prod. Jango)
Ziak - Double Dash (Prod. Munroe x TR)
vianney je m'en vais
IOS ziak
cartier gazo
la quoi? la mano
ailleurs josman
chatelet omr
h24 bosh
avantador koba la d
djomb bosh
desolé ziak
saison 2 kerchak
boosk hallouween menace santana
freestyle take over menace santana
freestyle take over menace santana
Caca
guapman menace santana
adrenalean menace santana
adrenalean menace santana
chatelet omr
chatelet omr
im sorry la mano
im sorry la mano
im sorry la mano
im sorry la mano
im sorry la mano
im sorry la mano
im sorry la mano
im sorry la mano
im sorry la mano
